[
 {"class_name": "ExampleModel",
  "field_type": "UUIDField",
  "filename": "example_models_2.py",
  "expected_field_classes": null,
  "lineno": 5,
  "name": "id"},
 {"class_name": "ExampleModel",
  "field_type": "CharField",
  "filename": "example_models_2.py",
  "expected_field_classes": null,
  "lineno": 6,
  "name": "name"},
 {"class_name": "ExampleModel",
  "field_type": "TextField",
  "filename": "example_models_2.py",
  "expected_field_classes": null,
  "lineno": 7,
  "name": "description"},
 {"class_name": "ExampleModel",
  "field_type": "DateTimeField",
  "filename": "example_models_2.py",
  "expected_field_classes": null,
  "lineno": 8,
  "name": "created_at"},
 {"class_name": "ExampleModel",
  "field_type": "DateTimeField",
  "filename": "example_models_2.py",
  "expected_field_classes": null,
  "lineno": 9,
  "name": "updated_at"}
]
