[
  {
    "class_name": "ExampleModel",
    "field_type": "CharField",
    "filename": "example_models_4.py",
    "expected_field_classes": null,
    "lineno": 5,
    "name": "name"
  },
  {
    "class_name": "ExampleModel",
    "field_type": "TextField",
    "filename": "example_models_4.py",
    "expected_field_classes": null,
    "lineno": 6,
    "name": "description"
  },
  {
    "class_name": "ExampleModel",
    "field_type": "DateTimeField",
    "filename": "example_models_4.py",
    "expected_field_classes": null,
    "lineno": 7,
    "name": "created_at"
  },
  {
    "class_name": "ExampleModel",
    "field_type": "DateTimeField",
    "filename": "example_models_4.py",
    "expected_field_classes": null,
    "lineno": 8,
    "name": "updated_at"
  }
]